// Jest Snapshot v1, https://goo.gl/fbAQLP

exports[`Will test <Header /> component should render correctly 1`] = `ShallowWrapper {}`;
